Windows PowerShell
Copyright (C) Microsoft Corporation. All rights reserved.

Try the new cross-platform PowerShell https://aka.ms/pscore6

PS C:\WINDOWS\system32> az version
{
  "azure-cli": "2.45.0",
  "azure-cli-core": "2.45.0",
  "azure-cli-telemetry": "1.0.8",
  "extensions": {}
}
PS C:\WINDOWS\system32> dir C:\Users\Gaurav\.azure


    Directory: C:\Users\Gaurav\.azure


Mode                 LastWriteTime         Length Name
----                 -------------         ------ ----
d-----        19-02-2023     11:56                commands
d-----        19-02-2023     11:53                logs
d-----        19-02-2023     11:53                telemetry
-a----        19-02-2023     11:52              5 az.json
-a----        19-02-2023     11:52              5 az.sess
-a----        19-02-2023     11:56            422 azureProfile.json
-a----        19-02-2023     11:53             67 az_survey.json
-a----        19-02-2023     11:56             69 clouds.config
-a----        19-02-2023     11:53           5396 commandIndex.json
-a----        19-02-2023     11:52             30 config
-a----        19-02-2023     11:54          25113 msal_http_cache.bin
-a----        19-02-2023     11:56          18956 msal_token_cache.bin
-a----        19-02-2023     11:53             19 telemetry.txt
-a----        19-02-2023     11:52            158 versionCheck.json


PS C:\WINDOWS\system32> cd C:\Users\Gaurav\devops\coding\terraform\.terraform\providers\registry.terraform.io\hashicorp\azurerm\2.99.0\windows_amd64
PS C:\Users\Gaurav\devops\coding\terraform\.terraform\providers\registry.terraform.io\hashicorp\azurerm\2.99.0\windows_amd64> ls


    Directory: C:\Users\Gaurav\devops\coding\terraform\.terraform\providers\registry.terraform.io\hashicorp\azurerm\2.9
    9.0\windows_amd64


Mode                 LastWriteTime         Length Name
----                 -------------         ------ ----
-a----        19-02-2023     12:13      183345664 terraform-provider-azurerm_v2.99.0_x5.exe


PS C:\Users\Gaurav\devops\coding\terraform\.terraform\providers\registry.terraform.io\hashicorp\azurerm\2.99.0\windows_amd64> .\terraform-provider-azurerm_v2.99.0_x5.exe /?
This binary is a plugin. These are not meant to be executed directly.
Please execute the program that consumes these plugins, which will
load any plugins automatically
PS C:\Users\Gaurav\devops\coding\terraform\.terraform\providers\registry.terraform.io\hashicorp\azurerm\2.99.0\windows_amd64> .\terraform-provider-azurerm_v2.99.0_x5.exe --help
Usage of C:\Users\Gaurav\devops\coding\terraform\.terraform\providers\registry.terraform.io\hashicorp\azurerm\2.99.0\windows_amd64\terraform-provider-azurerm_v2.99.0_x5.exe:
  -debuggable
        set to true to run the provider with support for debuggers like delve
  -sweep string
        List of Regions to run available Sweepers
  -sweep-allow-failures
        Enable to allow Sweeper Tests to continue after failures
  -sweep-run string
        Comma seperated list of Sweeper Tests to run
PS C:\Users\Gaurav\devops\coding\terraform\.terraform\providers\registry.terraform.io\hashicorp\azurerm\2.99.0\windows_amd64>

Windows PowerShell
Copyright (C) Microsoft Corporation. All rights reserved.

Try the new cross-platform PowerShell https://aka.ms/pscore6

on windows_amd64

Your version of Terraform is out of date! The latest version
is 1.3.9. You can update by downloading from https://www.terraform.io/downloads.html
PS C:\Users\Gaurav\devops\coding\terraform> az version
az : The term 'az' is not recognized as the name of a cmdlet, function, script file, or operable program. Check the 
spelling of the name, or if a path was included, verify that the path is correct and try again.
At line:1 char:1
+ ~~
    + CategoryInfo          : ObjectNotFound: (az:String) [], CommandNotFoundException
    + FullyQualifiedErrorId : CommandNotFoundException
 
PS C:\Users\Gaurav\devops\coding\terraform> $ProgressPreference = 'SilentlyContinue'; Invoke-WebRequest -Uri https://aka.ms/installazurecliwindows -OutFile .\AzureCLI.msi; Start-Process msiexec.exe -Wait -ArgumentList '/I AzureCLI.msi /quiet'; rm .\AzureCLI.msi
PS C:\Users\Gaurav\devops\coding\terraform> az version
az : The term 'az' is not recognized as the name of a cmdlet, function, script file, or operable program. Check the 
spelling of the name, or if a path was included, verify that the path is correct and try again.
At line:1 char:1
+ az version
+ ~~
    + CategoryInfo          : ObjectNotFound: (az:String) [], CommandNotFoundException
    + FullyQualifiedErrorId : CommandNotFoundException
 
PS C:\Users\Gaurav\devops\coding\terraform> az version
az : The term 'az' is not recognized as the name of a cmdlet, function, script file, or operable program. Check the 
spelling of the name, or if a path was included, verify that the path is correct and try again.
At line:1 char:1
+ az version
+ ~~
    + CategoryInfo          : ObjectNotFound: (az:String) [], CommandNotFoundException
    + FullyQualifiedErrorId : CommandNotFoundException
 
PS C:\Users\Gaurav\devops\coding\terraform>
 *  History restored 

Try the new cross-platform PowerShell https://aka.ms/pscore6

PS C:\Users\Gaurav\devops\coding\terraform> az version
{
  "azure-cli": "2.45.0",
  "azure-cli-core": "2.45.0",
  "azure-cli-telemetry": "1.0.8",
  "extensions": {}
}
Terraform v1.3.7
on windows_amd64

Your version of Terraform is out of date! The latest version
is 1.3.9. You can update by downloading from https://www.terraform.io/downloads.html
PS C:\Users\Gaurav\devops\coding\terraform> az login
A web browser has been opened at https://login.microsoftonline.com/organizations/oauth2/v2.0/authorize. Please continue the login in the web browser. If no web browser is available or if the web browser fails to open, use device code flow with `az login --use-device-code`.
The following tenants don't contain accessible subscriptions. Use 'az login --allow-no-subscriptions' to have tenant level access.
c626f62c-ae90-45ef-91b5-45c5e1e383a3 '9demy'
The following tenants require Multi-Factor Authentication (MFA). Use 'az login --tenant TENANT_ID' to explicitly login to a tenant.
c8f36504-f192-403d-9adf-539338f90b0a 'Default Directory'
No subscriptions found for gauravgnayak.arya@gmail.com.
PS C:\Users\Gaurav\devops\coding\terraform> az login --tenant c8f36504-f192-403d-9adf-539338f90b0a
A web browser has been opened at https://login.microsoftonline.com/c8f36504-f192-403d-9adf-539338f90b0a/oauth2/v2.0/authorize. Please continue the login in the web browser. If no web browser is available or if the web browser fails to open, use devic[
  {
    "cloudName": "AzureCloud",
    "homeTenantId": "c8f36504-f192-403d-9adf-539338f90b0a",
    "id": "e3744096-8c91-4d8b-983d-8dadbe721994",
    "isDefault": true,
    "managedByTenants": [],
    "name": "Pay-As-You-Go",
    "state": "Enabled",
    "tenantId": "c8f36504-f192-403d-9adf-539338f90b0a",
    "user": {
      "name": "gauravgnayak.arya@gmail.com",
      "type": "user"
    }
  }
]
PS C:\Users\Gaurav\devops\coding\terraform> dir C:\Users\Gaurav\.azure


    Directory: C:\Users\Gaurav\.azure


Mode                 LastWriteTime         Length Name
d-----        19-02-2023     11:56                commands
d-----        19-02-2023     11:53                logs
d-----        19-02-2023     11:53                telemetry
-a----        19-02-2023     11:52              5 az.json
-a----        19-02-2023     11:52              5 az.sess
-a----        19-02-2023     11:56            422 azureProfile.json
-a----        19-02-2023     11:53             67 az_survey.json
-a----        19-02-2023     11:56             69 clouds.config
-a----        19-02-2023     11:53           5396 commandIndex.json
-a----        19-02-2023     11:52             30 config
-a----        19-02-2023     11:54          25113 msal_http_cache.bin
-a----        19-02-2023     11:56          18956 msal_token_cache.bin
-a----        19-02-2023     11:53             19 telemetry.txt


PS C:\Users\Gaurav\devops\coding\terraform> dir


    Directory: C:\Users\Gaurav\devops\coding\terraform


Mode                 LastWriteTime         Length Name
----                 -------------         ------ ----
-a----        19-02-2023     12:11            204 main.tf
-a----        19-02-2023     12:11             75 outputs.tf
-a----        19-02-2023     12:11            288 providers.tf
-a----        19-02-2023     12:11            316 variables.tf


PS C:\Users\Gaurav\devops\coding\terraform> terraform init

Initializing the backend...

Initializing provider plugins...
- Finding hashicorp/azurerm versions matching "~> 2.0"...
- Finding hashicorp/random versions matching "~> 3.0"...
- Installing hashicorp/random v3.4.3...
- Installed hashicorp/random v3.4.3 (signed by HashiCorp)
Terraform has created a lock file .terraform.lock.hcl to record the provider
selections it made above. Include this file in your version control repository
so that Terraform can guarantee to make the same selections by default when
you run "terraform init" in the future.

Terraform has been successfully initialized!

You may now begin working with Terraform. Try running "terraform plan" to see
any changes that are required for your infrastructure. All Terraform commands
should now work.

If you ever set or change modules or backend configuration for Terraform,
rerun this command to reinitialize your working directory. If you forget, other
commands will detect it and remind you to do so if necessary.
PS C:\Users\Gaurav\devops\coding\terraform>
PS C:\Users\Gaurav\devops\coding\terraform>
PS C:\Users\Gaurav\devops\coding\terraform> terraform plan -out main.tfplan

Terraform used the selected providers to generate the following execution plan. Resource actions are indicated with the      
following symbols:
  + create

Terraform will perform the following actions:

  # azurerm_resource_group.rg will be created
  + resource "azurerm_resource_group" "rg" {
      + id       = (known after apply)
      + location = "eastus"
      + name     = (known after apply)
    }

  # random_pet.rg_name will be created
  + resource "random_pet" "rg_name" {
      + length    = 2
      + prefix    = "rg"
      + separator = "-"
    }

Plan: 2 to add, 0 to change, 0 to destroy.

Changes to Outputs:
  + resource_group_name = (known after apply)

---------------------------------------------------------------------------------------------------------------------------- 
Saved the plan to: main.tfplan
To perform exactly these actions, run the following command to apply:
    terraform apply "main.tfplan"
PS C:\Users\Gaurav\devops\coding\terraform> terraform apply main.tfplan
random_pet.rg_name: Creating...
random_pet.rg_name: Creation complete after 0s [id=rg-gentle-ray]
azurerm_resource_group.rg: Creating...
azurerm_resource_group.rg: Creation complete after 5s [id=/subscriptions/e3744096-8c91-4d8b-983d-8dadbe721994/resourceGroups/

Apply complete! Resources: 2 added, 0 changed, 0 destroyed.

Outputs:

resource_group_name = "rg-gentle-ray"
PS C:\Users\Gaurav\devops\coding\terraform> echo "$(terraform output resource_group_name)"
"rg-gentle-ray"
PS C:\Users\Gaurav\devops\coding\terraform> az group show --name <resource_group_name>
At line:1 char:22
+ az group show --name <resource_group_name>
The '<' operator is reserved for future use.
    + CategoryInfo          : ParserError: (:) [], ParentContainsErrorRecordException
    + FullyQualifiedErrorId : RedirectionNotSupported
 
PS C:\Users\Gaurav\devops\coding\terraform> az group show --name "rg-gentle-ray" 
{
  "id": "/subscriptions/e3744096-8c91-4d8b-983d-8dadbe721994/resourceGroups/rg-gentle-ray",
  "location": "eastus",
  "managedBy": null,
  "name": "rg-gentle-ray",
  "properties": {
    "provisioningState": "Succeeded"
  },
  "tags": {},
  "type": "Microsoft.Resources/resourceGroups"
}
PS C:\Users\Gaurav\devops\coding\terraform> terraform plan -destroy -out main.destroy.tfplan
random_pet.rg_name: Refreshing state... [id=rg-gentle-ray]
azurerm_resource_group.rg: Refreshing state... [id=/subscriptions/e3744096-8c91-4d8b-983d-8dadbe721994/resourceGroups/rg-gentle-ray]

Terraform used the selected providers to generate the following execution plan. Resource actions are indicated with the      
following symbols:
  - destroy

Terraform will perform the following actions:

  # azurerm_resource_group.rg will be destroyed
  - resource "azurerm_resource_group" "rg" {
      - id       = "/subscriptions/e3744096-8c91-4d8b-983d-8dadbe721994/resourceGroups/rg-gentle-ray" -> null
      - location = "eastus" -> null
      - name     = "rg-gentle-ray" -> null
      - tags     = {} -> null
    }

  # random_pet.rg_name will be destroyed
  - resource "random_pet" "rg_name" {
      - length    = 2 -> null
      - prefix    = "rg" -> null
      - separator = "-" -> null
    }

Plan: 0 to add, 0 to change, 2 to destroy.

Changes to Outputs:
  - resource_group_name = "rg-gentle-ray" -> null

---------------------------------------------------------------------------------------------------------------------------- 

Saved the plan to: main.destroy.tfplan

To perform exactly these actions, run the following command to apply:
    terraform apply "main.destroy.tfplan"
PS C:\Users\Gaurav\devops\coding\terraform> terraform apply main.destroy.tfplan
azurerm_resource_group.rg: Destroying... [id=/subscriptions/e3744096-8c91-4d8b-983d-8dadbe721994/resourceGroups/rg-gentle-ray]
azurerm_resource_group.rg: Still destroying... [id=/subscriptions/e3744096-8c91-4d8b-983d-8dadbe721994/resourceGroups/rg-gentle-ray, 10s elapsed]
azurerm_resource_group.rg: Still destroying... [id=/subscriptions/e3744096-8c91-4d8b-983d-8dadbe721994/resourceGroups/rg-gentle-ray, 20s elapsed]
azurerm_resource_group.rg: Still destroying... [id=/subscriptions/e3744096-8c91-4d8b-983d-8dadbe721994/resourceGroups/rg-gentle-ray, 30s elapsed]
azurerm_resource_group.rg: Still destroying... [id=/subscriptions/e3744096-8c91-4d8b-983d-8dadbe721994/resourceGroups/rg-gentle-ray, 40s elapsed]
azurerm_resource_group.rg: Still destroying... [id=/subscriptions/e3744096-8c91-4d8b-983d-8dadbe721994/resourceGroups/rg-gentle-ray, 50s elapsed]
azurerm_resource_group.rg: Still destroying... [id=/subscriptions/e3744096-8c91-4d8b-983d-8dadbe721994/resourceGroups/rg-gentle-ray, 1m0s elapsed]
azurerm_resource_group.rg: Still destroying... [id=/subscriptions/e3744096-8c91-4d8b-983d-8dadbe721994/resourceGroups/rg-gentle-ray, 1m10s elapsed]
azurerm_resource_group.rg: Still destroying... [id=/subscriptions/e3744096-8c91-4d8b-983d-8dadbe721994/resourceGroups/rg-gentle-ray, 1m20s elapsed]
azurerm_resource_group.rg: Destruction complete after 1m24s
random_pet.rg_name: Destroying... [id=rg-gentle-ray]
random_pet.rg_name: Destruction complete after 0s

Apply complete! Resources: 0 added, 0 changed, 2 destroyed.
PS C:\Users\Gaurav\devops\coding\terraform> dir


    Directory: C:\Users\Gaurav\devops\coding\terraform

Mode                 LastWriteTime         Length Name                                                                       
----                 -------------         ------ ----                                                                       
d-----        19-02-2023     12:13                .terraform
-a----        19-02-2023     12:23           4722 main.destroy.tfplan
-a----        19-02-2023     12:11            204 main.tf
-a----        19-02-2023     12:14           3693 main.tfplan
-a----        19-02-2023     12:11             75 outputs.tf
-a----        19-02-2023     12:11            288 providers.tf
-a----        19-02-2023     12:29            180 terraform.tfstate
-a----        19-02-2023     12:29           1574 terraform.tfstate.backup
-a----        19-02-2023     12:11            316 variables.tf


PS C:\Users\Gaurav\devops\coding\terraform> cat main.tf
resource "random_pet" "rg_name" {
  prefix = var.resource_group_name_prefix
}

resource "azurerm_resource_group" "rg" {
  location = var.resource_group_location
  name     = random_pet.rg_name.id
PS C:\Users\Gaurav\devops\coding\terraform> cat outputs.tf
output "resource_group_name" {
  value = azurerm_resource_group.rg.name
}
PS C:\Users\Gaurav\devops\coding\terraform> cat providers.tf
terraform {
  required_version = ">=0.12"

  required_providers {
    azurerm = {
      source  = "hashicorp/azurerm"
      version = "~>2.0"
    }
    random = {
      source  = "hashicorp/random"
      version = "~>3.0"
    }
  }
}

provider "azurerm" {
  features {}
}
PS C:\Users\Gaurav\devops\coding\terraform> cat variables.tf
variable "resource_group_location" {
  default     = "eastus"
  description = "Location of the resource group."
}

variable "resource_group_name_prefix" {
  default     = "rg"
  description = "Prefix of the resource group name that's combined with a random ID so name is unique in your Azure subscription."
}
PS C:\Users\Gaurav\devops\coding\terraform>






